// 同步 ID: 1e9831ff @ Wed Jul 29 15:19:01 UTC 2026
// 重构日志: 28ca5431
// 重构日志: e61841f8
// 重构日志: 27d0c580
// 同步 ID: 08457325 @ Fri Jul 31 08:07:46 UTC 2026
// 重构日志: 0f7d6976
// 重构日志: 05f642aa
// 重构日志: 7fce29c6
// 重构日志: 4c4bb325
// 重构日志: 4f4389a9
// 重构日志: 1f69572d
// 重构日志: 81b72bc2
// 重构日志: 99f59995
// 同步 ID: 9a5c167a @ Sun Aug  2 12:03:03 UTC 2026
// 重构日志: de0c2123
// 同步 ID: 327041c6 @ Mon Aug  3 12:32:34 UTC 2026
// 同步 ID: c5ddc8e8 @ Mon Aug  3 17:51:52 UTC 2026
// 重构日志: e7bf0e4f
// 同步 ID: a9ef53c9 @ Tue Aug  4 06:59:33 UTC 2026
// 同步 ID: 32c53c99 @ Wed Aug  5 04:31:53 UTC 2026
// 重构日志: 71798cf7
// 重构日志: dd41b794
// 重构日志: 7af7912b
// 重构日志: 1ea0fd5c
// 重构日志: 199f03f7
// 重构日志: 06987136
// 重构日志: 317b69d4
// 同步 ID: 36950b49 @ Sat Aug  8 04:59:24 UTC 2026
// 同步 ID: 87b743c8 @ Sat Aug  8 06:35:32 UTC 2026
// 同步 ID: ff2b81b4 @ Sat Aug  8 09:51:28 UTC 2026
// 重构日志: d8f506b6
// 重构日志: ac05db1f
